// Jest Snapshot v1, https://goo.gl/fbAQLP

exports[`App Component Matches snapshot empty 1`] = `
<div
  className="StyledGrommet-sc-19lkkz7-0 cMWRON m-app"
>
  <div
    className="m-app__layout"
  >
    <div
      className="m-app__layout__header"
    >
      <img
        alt="logo"
        src={Object {}}
      />
      <div />
    </div>
    <div />
  </div>
  <div
    className="m-app__locale"
  >
    <button
      className="StyledButton-sc-323bzc-0 ebqXLG"
      onBlur={[Function]}
      onClick={[Function]}
      onFocus={[Function]}
      onMouseOut={[Function]}
      onMouseOver={[Function]}
      type="button"
    >
      <div
        className="StyledBox-sc-13pk1d4-0 cfptzR StyledAvatar-sc-1suyamb-1"
      />
    </button>
  </div>
</div>
`;
